# serializer version: 1
# name: test_varannoset_list_one_element
  '''
  Case Import Info List
  =====================
  
  - uuid: '8adbf84e-adb2-4c5d-9b5a-2a8194307b79'
    release: 'GRCh37'
    owner: 'root'
    name: 'NA12878'
    index: 'NA12878-N1-DNA1-WES1'
    members:
      - { name: 'NA12878-N1-DNA1-WES1', father: 'NA12891-N1-DNA1-WES1', mother: 'NA12892-N1-DNA1-WES1', sex: 2, affected: 2 }
      - { name: 'NA12891-N1-DNA1-WES1', father: '0', mother: '0', sex: 1, affected: 1 }
      - { name: 'NA12892-N1-DNA1-WES1', father: '0', mother: '0', sex: 2, affected: 1 }
  
  - uuid: '539fca3a-554f-4595-bfb3-b692f8ddef9e'
    release: 'GRCh37'
    owner: 'root'
    name: 'Case_3_index'
    index: 'Case_3_index-N1-DNA1-WGS1'
    members:
      - { name: 'Case_3_index-N1-DNA1-WGS1', father: 'Case_3_father-N1-DNA1-WGS1', mother: 'Case_3_mother-N1-DNA1-WGS1', sex: 1, affected: 2 }
      - { name: 'Case_3_father-N1-DNA1-WGS1', father: '0', mother: '0', sex: 1, affected: 1 }
      - { name: 'Case_3_mother-N1-DNA1-WGS1', father: '0', mother: '0', sex: 2, affected: 1 }
  
  
  '''
# ---
